>>> matrix_divided = __import__('2-matrix_divided').matrix_divided
>>> matrix_divided([[1, 2], [3, 4]], 2)
[[0.5, 1.0], [1.5, 2.0]]
>>> matrix_divided([[9, 3], [6, 12]], 3)
[[3.0, 1.0], [2.0, 4.0]]
>>> matrix_divided([[5.5, 7.2], [10.8, 4]], 2)
[[2.75, 3.6], [5.4, 2.0]]
>>> matrix_divided([[1, 2], [3, 4]], 0)
Traceback (most recent call last):
ZeroDivisionError: division by zero
>>> matrix_divided([[1, 2], [3, "a"]], 2)
Traceback (most recent call last):
TypeError: matrix must be a matrix (list of lists) of integers/floats
>>> matrix_divided([[1, 2], [3]], 2)
Traceback (most recent call last):
TypeError: Each row of the matrix must have the same size
>>> matrix_divided("not a matrix", 2)
Traceback (most recent call last):
TypeError: matrix must be a matrix (list of lists) of integers/floats
>>> matrix_divided([[1, 2], [3, 4]], "div")
Traceback (most recent call last):
TypeError: div must be a number
